/data/scisoft/pxsoft/data/CrystFEL/id29_JF4M/lysozyme_PC/lysozyme_PC-lysozyme_PC_dense_0_00000.h5 //13
/data/scisoft/pxsoft/data/CrystFEL/id29_JF4M/lysozyme_PC/lysozyme_PC-lysozyme_PC_dense_0_00000.h5 //18
/data/scisoft/pxsoft/data/CrystFEL/id29_JF4M/lysozyme_PC/lysozyme_PC-lysozyme_PC_dense_0_00000.h5 //9
/data/scisoft/pxsoft/data/CrystFEL/id29_JF4M/lysozyme_PC/lysozyme_PC-lysozyme_PC_dense_0_00000.h5 //4
/data/scisoft/pxsoft/data/CrystFEL/id29_JF4M/lysozyme_PC/lysozyme_PC-lysozyme_PC_dense_0_00000.h5 //32
/data/scisoft/pxsoft/data/CrystFEL/id29_JF4M/lysozyme_PC/lysozyme_PC-lysozyme_PC_dense_0_00000.h5 //19
/data/scisoft/pxsoft/data/CrystFEL/id29_JF4M/lysozyme_PC/lysozyme_PC-lysozyme_PC_dense_0_00000.h5 //70
/data/scisoft/pxsoft/data/CrystFEL/id29_JF4M/lysozyme_PC/lysozyme_PC-lysozyme_PC_dense_0_00000.h5 //21
/data/scisoft/pxsoft/data/CrystFEL/id29_JF4M/lysozyme_PC/lysozyme_PC-lysozyme_PC_dense_0_00000.h5 //57
/data/scisoft/pxsoft/data/CrystFEL/id29_JF4M/lysozyme_PC/lysozyme_PC-lysozyme_PC_dense_0_00000.h5 //22
/data/scisoft/pxsoft/data/CrystFEL/id29_JF4M/lysozyme_PC/lysozyme_PC-lysozyme_PC_dense_0_00000.h5 //14
/data/scisoft/pxsoft/data/CrystFEL/id29_JF4M/lysozyme_PC/lysozyme_PC-lysozyme_PC_dense_0_00000.h5 //56
/data/scisoft/pxsoft/data/CrystFEL/id29_JF4M/lysozyme_PC/lysozyme_PC-lysozyme_PC_dense_0_00000.h5 //92
/data/scisoft/pxsoft/data/CrystFEL/id29_JF4M/lysozyme_PC/lysozyme_PC-lysozyme_PC_dense_0_00000.h5 //91
/data/scisoft/pxsoft/data/CrystFEL/id29_JF4M/lysozyme_PC/lysozyme_PC-lysozyme_PC_dense_0_00000.h5 //94
/data/scisoft/pxsoft/data/CrystFEL/id29_JF4M/lysozyme_PC/lysozyme_PC-lysozyme_PC_dense_0_00000.h5 //24
/data/scisoft/pxsoft/data/CrystFEL/id29_JF4M/lysozyme_PC/lysozyme_PC-lysozyme_PC_dense_0_00000.h5 //145
/data/scisoft/pxsoft/data/CrystFEL/id29_JF4M/lysozyme_PC/lysozyme_PC-lysozyme_PC_dense_0_00000.h5 //78
/data/scisoft/pxsoft/data/CrystFEL/id29_JF4M/lysozyme_PC/lysozyme_PC-lysozyme_PC_dense_0_00000.h5 //20
/data/scisoft/pxsoft/data/CrystFEL/id29_JF4M/lysozyme_PC/lysozyme_PC-lysozyme_PC_dense_0_00000.h5 //98
/data/scisoft/pxsoft/data/CrystFEL/id29_JF4M/lysozyme_PC/lysozyme_PC-lysozyme_PC_dense_0_00000.h5 //118
/data/scisoft/pxsoft/data/CrystFEL/id29_JF4M/lysozyme_PC/lysozyme_PC-lysozyme_PC_dense_0_00000.h5 //151
/data/scisoft/pxsoft/data/CrystFEL/id29_JF4M/lysozyme_PC/lysozyme_PC-lysozyme_PC_dense_0_00000.h5 //130
/data/scisoft/pxsoft/data/CrystFEL/id29_JF4M/lysozyme_PC/lysozyme_PC-lysozyme_PC_dense_0_00000.h5 //132
/data/scisoft/pxsoft/data/CrystFEL/id29_JF4M/lysozyme_PC/lysozyme_PC-lysozyme_PC_dense_0_00000.h5 //134
/data/scisoft/pxsoft/data/CrystFEL/id29_JF4M/lysozyme_PC/lysozyme_PC-lysozyme_PC_dense_0_00000.h5 //113
/data/scisoft/pxsoft/data/CrystFEL/id29_JF4M/lysozyme_PC/lysozyme_PC-lysozyme_PC_dense_0_00000.h5 //155
/data/scisoft/pxsoft/data/CrystFEL/id29_JF4M/lysozyme_PC/lysozyme_PC-lysozyme_PC_dense_0_00000.h5 //175
/data/scisoft/pxsoft/data/CrystFEL/id29_JF4M/lysozyme_PC/lysozyme_PC-lysozyme_PC_dense_0_00000.h5 //180
/data/scisoft/pxsoft/data/CrystFEL/id29_JF4M/lysozyme_PC/lysozyme_PC-lysozyme_PC_dense_0_00000.h5 //176
/data/scisoft/pxsoft/data/CrystFEL/id29_JF4M/lysozyme_PC/lysozyme_PC-lysozyme_PC_dense_0_00000.h5 //163
/data/scisoft/pxsoft/data/CrystFEL/id29_JF4M/lysozyme_PC/lysozyme_PC-lysozyme_PC_dense_0_00000.h5 //185
/data/scisoft/pxsoft/data/CrystFEL/id29_JF4M/lysozyme_PC/lysozyme_PC-lysozyme_PC_dense_0_00000.h5 //186
/data/scisoft/pxsoft/data/CrystFEL/id29_JF4M/lysozyme_PC/lysozyme_PC-lysozyme_PC_dense_0_00000.h5 //190
/data/scisoft/pxsoft/data/CrystFEL/id29_JF4M/lysozyme_PC/lysozyme_PC-lysozyme_PC_dense_0_00000.h5 //231
/data/scisoft/pxsoft/data/CrystFEL/id29_JF4M/lysozyme_PC/lysozyme_PC-lysozyme_PC_dense_0_00000.h5 //244
/data/scisoft/pxsoft/data/CrystFEL/id29_JF4M/lysozyme_PC/lysozyme_PC-lysozyme_PC_dense_0_00000.h5 //255
/data/scisoft/pxsoft/data/CrystFEL/id29_JF4M/lysozyme_PC/lysozyme_PC-lysozyme_PC_dense_0_00000.h5 //257
/data/scisoft/pxsoft/data/CrystFEL/id29_JF4M/lysozyme_PC/lysozyme_PC-lysozyme_PC_dense_0_00000.h5 //265
/data/scisoft/pxsoft/data/CrystFEL/id29_JF4M/lysozyme_PC/lysozyme_PC-lysozyme_PC_dense_0_00000.h5 //271
/data/scisoft/pxsoft/data/CrystFEL/id29_JF4M/lysozyme_PC/lysozyme_PC-lysozyme_PC_dense_0_00000.h5 //269
/data/scisoft/pxsoft/data/CrystFEL/id29_JF4M/lysozyme_PC/lysozyme_PC-lysozyme_PC_dense_0_00000.h5 //329
/data/scisoft/pxsoft/data/CrystFEL/id29_JF4M/lysozyme_PC/lysozyme_PC-lysozyme_PC_dense_0_00000.h5 //330
/data/scisoft/pxsoft/data/CrystFEL/id29_JF4M/lysozyme_PC/lysozyme_PC-lysozyme_PC_dense_0_00000.h5 //310
/data/scisoft/pxsoft/data/CrystFEL/id29_JF4M/lysozyme_PC/lysozyme_PC-lysozyme_PC_dense_0_00000.h5 //283
/data/scisoft/pxsoft/data/CrystFEL/id29_JF4M/lysozyme_PC/lysozyme_PC-lysozyme_PC_dense_0_00000.h5 //311
/data/scisoft/pxsoft/data/CrystFEL/id29_JF4M/lysozyme_PC/lysozyme_PC-lysozyme_PC_dense_0_00000.h5 //333
/data/scisoft/pxsoft/data/CrystFEL/id29_JF4M/lysozyme_PC/lysozyme_PC-lysozyme_PC_dense_0_00000.h5 //335
/data/scisoft/pxsoft/data/CrystFEL/id29_JF4M/lysozyme_PC/lysozyme_PC-lysozyme_PC_dense_0_00000.h5 //376
/data/scisoft/pxsoft/data/CrystFEL/id29_JF4M/lysozyme_PC/lysozyme_PC-lysozyme_PC_dense_0_00000.h5 //409
/data/scisoft/pxsoft/data/CrystFEL/id29_JF4M/lysozyme_PC/lysozyme_PC-lysozyme_PC_dense_0_00000.h5 //390
/data/scisoft/pxsoft/data/CrystFEL/id29_JF4M/lysozyme_PC/lysozyme_PC-lysozyme_PC_dense_0_00000.h5 //392
/data/scisoft/pxsoft/data/CrystFEL/id29_JF4M/lysozyme_PC/lysozyme_PC-lysozyme_PC_dense_0_00000.h5 //363
/data/scisoft/pxsoft/data/CrystFEL/id29_JF4M/lysozyme_PC/lysozyme_PC-lysozyme_PC_dense_0_00000.h5 //422
/data/scisoft/pxsoft/data/CrystFEL/id29_JF4M/lysozyme_PC/lysozyme_PC-lysozyme_PC_dense_0_00000.h5 //406
/data/scisoft/pxsoft/data/CrystFEL/id29_JF4M/lysozyme_PC/lysozyme_PC-lysozyme_PC_dense_0_00000.h5 //412
/data/scisoft/pxsoft/data/CrystFEL/id29_JF4M/lysozyme_PC/lysozyme_PC-lysozyme_PC_dense_0_00000.h5 //433
/data/scisoft/pxsoft/data/CrystFEL/id29_JF4M/lysozyme_PC/lysozyme_PC-lysozyme_PC_dense_0_00000.h5 //415
/data/scisoft/pxsoft/data/CrystFEL/id29_JF4M/lysozyme_PC/lysozyme_PC-lysozyme_PC_dense_0_00000.h5 //395
/data/scisoft/pxsoft/data/CrystFEL/id29_JF4M/lysozyme_PC/lysozyme_PC-lysozyme_PC_dense_0_00000.h5 //372
/data/scisoft/pxsoft/data/CrystFEL/id29_JF4M/lysozyme_PC/lysozyme_PC-lysozyme_PC_dense_0_00000.h5 //405
/data/scisoft/pxsoft/data/CrystFEL/id29_JF4M/lysozyme_PC/lysozyme_PC-lysozyme_PC_dense_0_00000.h5 //488
/data/scisoft/pxsoft/data/CrystFEL/id29_JF4M/lysozyme_PC/lysozyme_PC-lysozyme_PC_dense_0_00000.h5 //436
/data/scisoft/pxsoft/data/CrystFEL/id29_JF4M/lysozyme_PC/lysozyme_PC-lysozyme_PC_dense_0_00000.h5 //468
/data/scisoft/pxsoft/data/CrystFEL/id29_JF4M/lysozyme_PC/lysozyme_PC-lysozyme_PC_dense_0_00000.h5 //484
/data/scisoft/pxsoft/data/CrystFEL/id29_JF4M/lysozyme_PC/lysozyme_PC-lysozyme_PC_dense_0_00000.h5 //494
/data/scisoft/pxsoft/data/CrystFEL/id29_JF4M/lysozyme_PC/lysozyme_PC-lysozyme_PC_dense_0_00000.h5 //497
/data/scisoft/pxsoft/data/CrystFEL/id29_JF4M/lysozyme_PC/lysozyme_PC-lysozyme_PC_dense_0_00000.h5 //452
/data/scisoft/pxsoft/data/CrystFEL/id29_JF4M/lysozyme_PC/lysozyme_PC-lysozyme_PC_dense_0_00000.h5 //515
/data/scisoft/pxsoft/data/CrystFEL/id29_JF4M/lysozyme_PC/lysozyme_PC-lysozyme_PC_dense_0_00000.h5 //459
/data/scisoft/pxsoft/data/CrystFEL/id29_JF4M/lysozyme_PC/lysozyme_PC-lysozyme_PC_dense_0_00000.h5 //498
/data/scisoft/pxsoft/data/CrystFEL/id29_JF4M/lysozyme_PC/lysozyme_PC-lysozyme_PC_dense_0_00000.h5 //479
/data/scisoft/pxsoft/data/CrystFEL/id29_JF4M/lysozyme_PC/lysozyme_PC-lysozyme_PC_dense_0_00000.h5 //458
/data/scisoft/pxsoft/data/CrystFEL/id29_JF4M/lysozyme_PC/lysozyme_PC-lysozyme_PC_dense_0_00000.h5 //482
/data/scisoft/pxsoft/data/CrystFEL/id29_JF4M/lysozyme_PC/lysozyme_PC-lysozyme_PC_dense_0_00000.h5 //550
/data/scisoft/pxsoft/data/CrystFEL/id29_JF4M/lysozyme_PC/lysozyme_PC-lysozyme_PC_dense_0_00000.h5 //514
/data/scisoft/pxsoft/data/CrystFEL/id29_JF4M/lysozyme_PC/lysozyme_PC-lysozyme_PC_dense_0_00000.h5 //510
/data/scisoft/pxsoft/data/CrystFEL/id29_JF4M/lysozyme_PC/lysozyme_PC-lysozyme_PC_dense_0_00000.h5 //561
/data/scisoft/pxsoft/data/CrystFEL/id29_JF4M/lysozyme_PC/lysozyme_PC-lysozyme_PC_dense_0_00000.h5 //465
/data/scisoft/pxsoft/data/CrystFEL/id29_JF4M/lysozyme_PC/lysozyme_PC-lysozyme_PC_dense_0_00000.h5 //553
/data/scisoft/pxsoft/data/CrystFEL/id29_JF4M/lysozyme_PC/lysozyme_PC-lysozyme_PC_dense_0_00000.h5 //533
/data/scisoft/pxsoft/data/CrystFEL/id29_JF4M/lysozyme_PC/lysozyme_PC-lysozyme_PC_dense_0_00000.h5 //537
/data/scisoft/pxsoft/data/CrystFEL/id29_JF4M/lysozyme_PC/lysozyme_PC-lysozyme_PC_dense_0_00000.h5 //558
/data/scisoft/pxsoft/data/CrystFEL/id29_JF4M/lysozyme_PC/lysozyme_PC-lysozyme_PC_dense_0_00000.h5 //573
/data/scisoft/pxsoft/data/CrystFEL/id29_JF4M/lysozyme_PC/lysozyme_PC-lysozyme_PC_dense_0_00000.h5 //579
/data/scisoft/pxsoft/data/CrystFEL/id29_JF4M/lysozyme_PC/lysozyme_PC-lysozyme_PC_dense_0_00000.h5 //536
/data/scisoft/pxsoft/data/CrystFEL/id29_JF4M/lysozyme_PC/lysozyme_PC-lysozyme_PC_dense_0_00000.h5 //623
/data/scisoft/pxsoft/data/CrystFEL/id29_JF4M/lysozyme_PC/lysozyme_PC-lysozyme_PC_dense_0_00000.h5 //549
/data/scisoft/pxsoft/data/CrystFEL/id29_JF4M/lysozyme_PC/lysozyme_PC-lysozyme_PC_dense_0_00000.h5 //584
/data/scisoft/pxsoft/data/CrystFEL/id29_JF4M/lysozyme_PC/lysozyme_PC-lysozyme_PC_dense_0_00000.h5 //625
/data/scisoft/pxsoft/data/CrystFEL/id29_JF4M/lysozyme_PC/lysozyme_PC-lysozyme_PC_dense_0_00000.h5 //562
/data/scisoft/pxsoft/data/CrystFEL/id29_JF4M/lysozyme_PC/lysozyme_PC-lysozyme_PC_dense_0_00000.h5 //592
/data/scisoft/pxsoft/data/CrystFEL/id29_JF4M/lysozyme_PC/lysozyme_PC-lysozyme_PC_dense_0_00000.h5 //603
/data/scisoft/pxsoft/data/CrystFEL/id29_JF4M/lysozyme_PC/lysozyme_PC-lysozyme_PC_dense_0_00000.h5 //637
/data/scisoft/pxsoft/data/CrystFEL/id29_JF4M/lysozyme_PC/lysozyme_PC-lysozyme_PC_dense_0_00000.h5 //629
/data/scisoft/pxsoft/data/CrystFEL/id29_JF4M/lysozyme_PC/lysozyme_PC-lysozyme_PC_dense_0_00000.h5 //595
/data/scisoft/pxsoft/data/CrystFEL/id29_JF4M/lysozyme_PC/lysozyme_PC-lysozyme_PC_dense_0_00000.h5 //642
/data/scisoft/pxsoft/data/CrystFEL/id29_JF4M/lysozyme_PC/lysozyme_PC-lysozyme_PC_dense_0_00000.h5 //654
/data/scisoft/pxsoft/data/CrystFEL/id29_JF4M/lysozyme_PC/lysozyme_PC-lysozyme_PC_dense_0_00000.h5 //636
